/*C36*/SET SCHEMA PUBLIC
DELETE FROM ALUNOS WHERE RA=1
INSERT INTO ALUNOS VALUES(1,'AAAA',1000.0E0,'2000-01-31','aluno1@teste')
COMMIT
/*C35*/SET SCHEMA PUBLIC
DISCONNECT
/*C37*/SET SCHEMA PUBLIC
DISCONNECT
/*C36*/DISCONNECT
/*C34*/SET SCHEMA PUBLIC
DISCONNECT
/*C39*/SET SCHEMA PUBLIC
DELETE FROM ALUNOS WHERE RA=5
COMMIT
/*C40*/SET SCHEMA PUBLIC
DISCONNECT
/*C38*/SET SCHEMA PUBLIC
DISCONNECT
/*C39*/DISCONNECT
/*C42*/SET SCHEMA PUBLIC
DELETE FROM ALUNOS WHERE RA=4
COMMIT
/*C43*/SET SCHEMA PUBLIC
DISCONNECT
/*C42*/DISCONNECT
/*C41*/SET SCHEMA PUBLIC
DISCONNECT
/*C44*/SET SCHEMA PUBLIC
INSERT INTO ALUNOS VALUES(200,'teste200',20000.0E0,'2022-05-01','teste200@teste')
COMMIT
DISCONNECT
/*C45*/SET SCHEMA PUBLIC
DISCONNECT
/*C47*/SET SCHEMA PUBLIC
DISCONNECT
/*C48*/SET SCHEMA PUBLIC
DELETE FROM ALUNOS WHERE RA=2
INSERT INTO ALUNOS VALUES(2,'BBBB',2000.0E0,'2000-02-01','bbbb@teste')
COMMIT
